Unknown:
D:\cst2py_box\Auto_py2cst_v0.71\Microstrip_Antenna\Result\hardware_resources.sconf
D:\cst2py_box\Auto_py2cst_v0.71\Microstrip_Antenna\Result\ml_info.log
D:\cst2py_box\Auto_py2cst_v0.71\Microstrip_Antenna\Result\Model.log
D:\cst2py_box\Auto_py2cst_v0.71\Microstrip_Antenna\Result\Model.sa
D:\cst2py_box\Auto_py2cst_v0.71\Microstrip_Antenna\Result\Port1.tra
D:\cst2py_box\Auto_py2cst_v0.71\Microstrip_Antenna\Result\Port1_e1(#0000).sct
D:\cst2py_box\Auto_py2cst_v0.71\Microstrip_Antenna\Result\Port1_eInfo1(#0000).pmf
D:\cst2py_box\Auto_py2cst_v0.71\Microstrip_Antenna\Result\Port1_h1(#0000).sct
D:\cst2py_box\Auto_py2cst_v0.71\Microstrip_Antenna\Result\Port1_hInfo1(#0000).pmf
D:\cst2py_box\Auto_py2cst_v0.71\Microstrip_Antenna\Result\Port2.tra
D:\cst2py_box\Auto_py2cst_v0.71\Microstrip_Antenna\Result\Port2_e1(#0000).sct
D:\cst2py_box\Auto_py2cst_v0.71\Microstrip_Antenna\Result\Port2_eInfo1(#0000).pmf
D:\cst2py_box\Auto_py2cst_v0.71\Microstrip_Antenna\Result\Port2_h1(#0000).sct
D:\cst2py_box\Auto_py2cst_v0.71\Microstrip_Antenna\Result\Port2_hInfo1(#0000).pmf
D:\cst2py_box\Auto_py2cst_v0.71\Microstrip_Antenna\Result\Port3.tra
D:\cst2py_box\Auto_py2cst_v0.71\Microstrip_Antenna\Result\Port3_e1(#0000).sct
D:\cst2py_box\Auto_py2cst_v0.71\Microstrip_Antenna\Result\Port3_eInfo1(#0000).pmf
D:\cst2py_box\Auto_py2cst_v0.71\Microstrip_Antenna\Result\Port3_h1(#0000).sct
D:\cst2py_box\Auto_py2cst_v0.71\Microstrip_Antenna\Result\Port3_hInfo1(#0000).pmf
Mesh:
D:\cst2py_box\Auto_py2cst_v0.71\Microstrip_Antenna\Result\3do.slim
D:\cst2py_box\Auto_py2cst_v0.71\Microstrip_Antenna\Result\log.tet
D:\cst2py_box\Auto_py2cst_v0.71\Microstrip_Antenna\Result\Mesh_Input.Entities2Mesh.tet
D:\cst2py_box\Auto_py2cst_v0.71\Microstrip_Antenna\Result\Mesh_Input.Options.tet
D:\cst2py_box\Auto_py2cst_v0.71\Microstrip_Antenna\Result\Mesh_Input.QuasiModel.tet
D:\cst2py_box\Auto_py2cst_v0.71\Microstrip_Antenna\Result\Mesh_Output.QuasiModel.tet
D:\cst2py_box\Auto_py2cst_v0.71\Microstrip_Antenna\Result\Mesh_Output.U2F.tet
D:\cst2py_box\Auto_py2cst_v0.71\Microstrip_Antenna\Result\mir.tet
D:\cst2py_box\Auto_py2cst_v0.71\Microstrip_Antenna\Result\moegeom.tet
D:\cst2py_box\Auto_py2cst_v0.71\Microstrip_Antenna\Result\Port1.slim
D:\cst2py_box\Auto_py2cst_v0.71\Microstrip_Antenna\Result\Port2.slim
D:\cst2py_box\Auto_py2cst_v0.71\Microstrip_Antenna\Result\Port3.slim
D:\cst2py_box\Auto_py2cst_v0.71\Microstrip_Antenna\Result\refinementparents.tet
D:\cst2py_box\Auto_py2cst_v0.71\Microstrip_Antenna\Result\reftags.tet
D:\cst2py_box\Auto_py2cst_v0.71\Microstrip_Antenna\Result\tetquality.tet
D:\cst2py_box\Auto_py2cst_v0.71\Microstrip_Antenna\Result\topot.tet
Port:
